../Core/Src/main.c:77:5:main	128	static
../Core/Src/main.c:180:6:SystemClock_Config	128	static
../Core/Src/main.c:236:13:MX_RTC_Init	32	static
../Core/Src/main.c:300:13:MX_USART2_UART_Init	8	static
../Core/Src/main.c:333:13:MX_DMA_Init	16	static
../Core/Src/main.c:351:13:MX_GPIO_Init	24	static
../Core/Src/main.c:362:6:HAL_UARTEx_RxEventCallback	16	static
../Core/Src/main.c:381:13:printCurrTime	64	static
../Core/Src/main.c:401:13:setTime	48	static
../Core/Src/main.c:424:6:Error_Handler	8	static,ignoring_inline_asm
